// Jest Snapshot v1, https://goo.gl/fbAQLP

exports[`MultiSelectInput then snapshot created 1`] = `
Array [
  <div
    className="go2139093995 multi-select"
  >
    <div
      aria-expanded={false}
      aria-readonly={true}
      className="go2646822163 dropdown-container"
      onBlur={[Function]}
      onFocus={[Function]}
      onKeyDown={[Function]}
      onMouseEnter={[Function]}
      onMouseLeave={[Function]}
      tabIndex={0}
    >
      <div
        className="go2642161244 dropdown-heading"
        onClick={[Function]}
      >
        <div
          className="dropdown-heading-value"
        >
          <span
            className="gray"
          >
            Select...
          </span>
        </div>
        <svg
          className="dropdown-heading-dropdown-arrow gray"
          fill="none"
          height="24"
          stroke="currentColor"
          strokeWidth="2"
          width="24"
        >
          <path
            d="M6 9L12 15 18 9"
          />
        </svg>
      </div>
    </div>
  </div>,
  <input
    name="genres"
    type="hidden"
    value=""
  />,
]
`;
