// Jest Snapshot v1, https://goo.gl/fbAQLP

exports[`ResultCount component should render ResultCount with props 1`] = `
<div
  className="result-count"
>
  <strong
    className="test"
  >
    1
  </strong>
  <span
    className="result-count__text"
  >
     movies founded
  </span>
</div>
`;
