// Jest Snapshot v1, https://goo.gl/fbAQLP

exports[`App App snapshot 1`] = `
<h2>
  Something went wrong.
</h2>
`;
