// Jest Snapshot v1, https://goo.gl/fbAQLP

exports[`Logo component should render Logo component 1`] = `
<NavLink
  className="logo"
  to="/"
>
  <strong
    className="logo__text"
  >
    netflix
  </strong>
  roulette
</NavLink>
`;
